void (*fn)(void)
struct {
    int x, y;
} coords
4,2
const int x
42
